// Jest Snapshot v1, https://goo.gl/fbAQLP

exports[`Paging 1`] = `
<section
  className="paging row"
>
  <div
    className="columns small-12"
  >
    <ul
      aria-label="Pagination"
      className="pagination text-center"
      role="navigation"
    >
      <li
        className=""
      >
        <a
          href="category/test/page/1"
          onClick={[Function]}
        >
          1
        </a>
      </li>
      <li
        className=""
      >
        <span
          aria-hidden="true"
          className="fa fa-ellipsis-h"
        />
      </li>
      <li
        className=""
      >
        <a
          href="category/test/page/45"
          onClick={[Function]}
        >
          45
        </a>
      </li>
      <li
        className=""
      >
        <a
          href="category/test/page/46"
          onClick={[Function]}
        >
          46
        </a>
      </li>
      <li
        className=""
      >
        <a
          href="category/test/page/47"
          onClick={[Function]}
        >
          47
        </a>
      </li>
      <li
        className=""
      >
        <a
          href="category/test/page/48"
          onClick={[Function]}
        >
          48
        </a>
      </li>
      <li
        className=""
      >
        <a
          href="category/test/page/49"
          onClick={[Function]}
        >
          49
        </a>
      </li>
      <li
        className="active"
      >
        <a
          href="category/test/page/50"
          onClick={[Function]}
        >
          50
        </a>
      </li>
      <li
        className=""
      >
        <a
          href="category/test/page/51"
          onClick={[Function]}
        >
          51
        </a>
      </li>
      <li
        className=""
      >
        <a
          href="category/test/page/52"
          onClick={[Function]}
        >
          52
        </a>
      </li>
      <li
        className=""
      >
        <a
          href="category/test/page/53"
          onClick={[Function]}
        >
          53
        </a>
      </li>
      <li
        className=""
      >
        <a
          href="category/test/page/54"
          onClick={[Function]}
        >
          54
        </a>
      </li>
      <li
        className=""
      >
        <a
          href="category/test/page/55"
          onClick={[Function]}
        >
          55
        </a>
      </li>
      <li
        className=""
      >
        <span
          aria-hidden="true"
          className="fa fa-ellipsis-h"
        />
      </li>
      <li
        className=""
      >
        <a
          href="category/test/page/100"
          onClick={[Function]}
        >
          100
        </a>
      </li>
    </ul>
  </div>
</section>
`;
